Step,Training Loss,Learning Rate
0,10.9085,2.4000e-05
100,10.7545,2.4132e-05
200,10.5068,2.4527e-05
300,10.5709,2.5186e-05
400,10.1162,2.6107e-05
500,9.9021,2.7289e-05
600,9.4341,2.8733e-05
700,9.4852,3.0435e-05
800,9.1815,3.3106e-05
900,7.6058,3.5407e-05
1000,7.9718,3.7961e-05
1100,9.3661,4.0767e-05
1200,6.4186,4.3820e-05
1300,7.0408,4.7119e-05
1400,7.6390,5.0660e-05
1500,9.6647,5.4441e-05
1600,6.7785,5.9848e-05
1700,6.4761,6.4173e-05
1800,7.6176,6.8725e-05
1900,6.7830,7.3499e-05
2000,6.6074,7.8492e-05
2100,6.4769,8.3699e-05
2200,6.6857,8.9114e-05
2300,7.6077,9.4734e-05
2400,6.1116,1.0253e-04
2500,6.2648,1.0861e-04
2600,7.2483,1.1487e-04
2700,5.5155,1.2131e-04
2800,5.5020,1.2793e-04
2900,5.2100,1.3471e-04
3000,4.0678,1.4166e-04
3100,5.0271,1.4877e-04
3200,5.0688,1.5847e-04
3300,5.6046,1.6591e-04
3400,5.0809,1.7348e-04
3500,3.9551,1.8119e-04
3600,5.2729,1.8901e-04
3700,4.7295,1.9694e-04
3800,5.8440,2.0498e-04
3900,4.9895,2.1312e-04
4000,5.8996,2.2411e-04
4100,5.7585,2.3245e-04
4200,4.3518,2.4086e-04
4300,4.7987,2.4933e-04
4400,4.3760,2.5786e-04
4500,4.9038,2.6644e-04
4600,4.3379,2.7507e-04
4700,4.2359,2.8373e-04
4800,5.3171,2.9531e-04
4900,4.4015,3.0401e-04
5000,4.5487,3.1273e-04
5100,3.4373,3.2144e-04
5200,4.4077,3.3014e-04
5300,4.9816,3.3883e-04
5400,4.7063,3.4749e-04
5500,4.1390,3.5612e-04
5600,4.9373,3.6756e-04
5700,4.7984,3.7609e-04
5800,3.8309,3.8455e-04
5900,4.6116,3.9295e-04
6000,4.7049,4.0127e-04
6100,5.4389,4.0952e-04
6200,5.5634,4.1767e-04
6300,4.4053,4.2573e-04
6400,3.7572,4.3630e-04
6500,4.9316,4.4411e-04
6600,3.7731,4.5179e-04
6700,4.4720,4.5934e-04
6800,3.6966,4.6676e-04
6900,5.1898,4.7404e-04
7000,3.1280,4.8116e-04
7100,5.5067,4.8814e-04
7200,4.6604,4.9718e-04
7300,4.3510,5.0377e-04
7400,4.0532,5.1018e-04
7500,3.2837,5.1642e-04
7600,4.6219,5.2246e-04
7700,3.6448,5.2831e-04
7800,3.3907,5.3396e-04
7900,4.5726,5.3941e-04
8000,4.9289,5.4636e-04
8100,4.0603,5.5131e-04
8200,4.0807,5.5605e-04
8300,3.9463,5.6056e-04
8400,4.9732,5.6485e-04
8500,3.5347,5.6891e-04
8600,4.1363,5.7273e-04
8700,4.0427,5.7631e-04
8800,4.4644,5.8071e-04
8900,3.4803,5.8372e-04
9000,4.5051,5.8648e-04
9100,4.7419,5.8899e-04
9200,4.3706,5.9125e-04
9300,4.9412,5.9326e-04
9400,4.0656,5.9500e-04
9500,4.0526,5.9649e-04
9600,5.2481,5.9807e-04
9700,3.7544,5.9894e-04
9800,4.0714,5.9956e-04
9900,3.9998,5.9991e-04
10000,3.7536,6.0000e-04
10100,4.8482,6.0000e-04
10200,3.7820,5.9999e-04
10300,3.7260,5.9998e-04
10400,3.6287,5.9997e-04
10500,4.4400,5.9995e-04
10600,4.8693,5.9993e-04
10700,3.9680,5.9991e-04
10800,4.7010,5.9988e-04
10900,3.6552,5.9985e-04
11000,3.6023,5.9981e-04
11100,4.0006,5.9978e-04
11200,3.8837,5.9972e-04
11300,3.6311,5.9968e-04
11400,4.3882,5.9963e-04
11500,3.3298,5.9958e-04
11600,4.4526,5.9952e-04
11700,4.7998,5.9946e-04
11800,3.7178,5.9940e-04
11900,3.6427,5.9934e-04
12000,4.4043,5.9925e-04
12100,3.8841,5.9917e-04
12200,3.6435,5.9910e-04
12300,3.8962,5.9902e-04
12400,4.2583,5.9893e-04
12500,3.7959,5.9885e-04
12600,3.7922,5.9876e-04
12700,4.1501,5.9866e-04
12800,3.5215,5.9854e-04
12900,4.5235,5.9843e-04
13000,3.8019,5.9833e-04
13100,3.8504,5.9822e-04
13200,4.3899,5.9811e-04
13300,4.7900,5.9800e-04
13400,4.0241,5.9788e-04
13500,4.5929,5.9776e-04
13600,3.9261,5.9759e-04
13700,3.9507,5.9746e-04
13800,3.6432,5.9733e-04
13900,3.6052,5.9720e-04
14000,4.0016,5.9706e-04
14100,3.8400,5.9691e-04
14200,4.3985,5.9677e-04
14300,4.5000,5.9662e-04
14400,4.2138,5.9642e-04
14500,3.9431,5.9626e-04
14600,3.6484,5.9610e-04
14700,4.1144,5.9594e-04
14800,3.7502,5.9577e-04
14900,4.7164,5.9560e-04
15000,3.9119,5.9543e-04
15100,3.5508,5.9525e-04
15200,3.4679,5.9501e-04
15300,3.2814,5.9483e-04
15400,4.1340,5.9464e-04
15500,3.3240,5.9445e-04
15600,3.8004,5.9425e-04
15700,4.2068,5.9406e-04
15800,4.9309,5.9386e-04
15900,4.0685,5.9365e-04
16000,3.9411,5.9337e-04
16100,3.6883,5.9316e-04
16200,4.3725,5.9295e-04
16300,3.5635,5.9273e-04
16400,3.6672,5.9251e-04
16500,3.1683,5.9228e-04
16600,3.4764,5.9205e-04
16700,3.9313,5.9182e-04
16800,4.1893,5.9151e-04
16900,4.4669,5.9127e-04
17000,4.7344,5.9103e-04
17100,3.8492,5.9078e-04
17200,3.9692,5.9053e-04
17300,3.8410,5.9028e-04
17400,3.8026,5.9003e-04
17500,2.8662,5.8977e-04
17600,3.0917,5.8942e-04
17700,4.1080,5.8915e-04
17800,3.7725,5.8888e-04
17900,2.8205,5.8861e-04
18000,3.2545,5.8833e-04
18100,4.1959,5.8805e-04
18200,3.9080,5.8777e-04
18300,4.5887,5.8748e-04
18400,4.0195,5.8710e-04
18500,4.2764,5.8681e-04
18600,3.5331,5.8651e-04
18700,4.1305,5.8621e-04
18800,3.2026,5.8591e-04
18900,4.2463,5.8560e-04
19000,4.3433,5.8529e-04
19100,3.5647,5.8498e-04
19200,3.9232,5.8456e-04
19300,3.4749,5.8424e-04
19400,4.3953,5.8391e-04
19500,3.2737,5.8359e-04
19600,3.1696,5.8326e-04
19700,3.0737,5.8293e-04
19800,4.1406,5.8259e-04
19900,3.5756,5.8225e-04
20000,4.2209,5.8179e-04
20100,3.9098,5.8145e-04
20200,4.2907,5.8110e-04
20300,3.5425,5.8074e-04
20400,4.2455,5.8039e-04
20500,3.6485,5.8003e-04
20600,3.9186,5.7967e-04
20700,2.8547,5.7930e-04
20800,3.7825,5.7881e-04
20900,3.8665,5.7844e-04
21000,4.2571,5.7806e-04
21100,3.8979,5.7768e-04
21200,3.1854,5.7730e-04
21300,3.1796,5.7691e-04
21400,3.8066,5.7653e-04
21500,4.1758,5.7614e-04
21600,5.1127,5.7561e-04
21700,4.1205,5.7521e-04
21800,3.9387,5.7481e-04
21900,3.6791,5.7440e-04
22000,3.5867,5.7400e-04
22100,3.8843,5.7358e-04
22200,3.8053,5.7317e-04
22300,3.5629,5.7275e-04
22400,3.4633,5.7219e-04
22500,3.8585,5.7177e-04
22600,3.8874,5.7134e-04
22700,4.3600,5.7091e-04
22800,4.2150,5.7048e-04
22900,3.7640,5.7004e-04
23000,4.0856,5.6960e-04
23100,3.8019,5.6916e-04
23200,2.9927,5.6856e-04
23300,3.7317,5.6811e-04
23400,4.1638,5.6766e-04
23500,4.0758,5.6721e-04
23600,3.5262,5.6675e-04
23700,4.3504,5.6629e-04
23800,3.6722,5.6582e-04
23900,3.1668,5.6535e-04
24000,3.4613,5.6473e-04
24100,3.8231,5.6425e-04
24200,3.4898,5.6378e-04
24300,3.2602,5.6329e-04
24400,3.4005,5.6281e-04
24500,3.8407,5.6233e-04
24600,3.9212,5.6184e-04
24700,3.3137,5.6134e-04
24800,4.0200,5.6068e-04
24900,3.8278,5.6018e-04
25000,3.7748,5.5968e-04
25100,3.5730,5.5918e-04
25200,3.5998,5.5867e-04
25300,3.8534,5.5816e-04
25400,3.7801,5.5765e-04
25500,4.1555,5.5713e-04
25600,3.3037,5.5644e-04
25700,3.7582,5.5591e-04
25800,2.2421,5.5539e-04
25900,4.0112,5.5486e-04
26000,2.6420,5.5433e-04
26100,4.6322,5.5379e-04
26200,4.2222,5.5325e-04
26300,3.7408,5.5271e-04
26400,4.2017,5.5199e-04
26500,3.0233,5.5144e-04
26600,4.0776,5.5089e-04
26700,3.7696,5.5034e-04
26800,3.6030,5.4978e-04
26900,3.6363,5.4923e-04
27000,3.8397,5.4866e-04
27100,3.8177,5.4810e-04
27200,3.5651,5.4734e-04
27300,3.8916,5.4677e-04
27400,4.1455,5.4620e-04
27500,3.7635,5.4563e-04
27600,3.4463,5.4505e-04
27700,3.3892,5.4447e-04
27800,4.2656,5.4388e-04
27900,3.8240,5.4329e-04
28000,3.4155,5.4251e-04
28100,4.2581,5.4192e-04
28200,3.4565,5.4132e-04
28300,3.8434,5.4072e-04
28400,3.3219,5.4012e-04
28500,4.0717,5.3952e-04
28600,3.3600,5.3891e-04
28700,4.2973,5.3830e-04
28800,3.1923,5.3748e-04
28900,3.2812,5.3687e-04
29000,3.1536,5.3625e-04
29100,3.4393,5.3563e-04
29200,2.2305,5.3500e-04
29300,3.5633,5.3438e-04
29400,3.9346,5.3375e-04
29500,3.5267,5.3312e-04
29600,3.4373,5.3227e-04
29700,3.4935,5.3163e-04
29800,3.3437,5.3099e-04
29900,3.5089,5.3035e-04
30000,4.0819,5.2971e-04
30100,3.0550,5.2906e-04
30200,3.9279,5.2841e-04
30300,4.1540,5.2775e-04
30400,3.2723,5.2688e-04
30500,3.3563,5.2622e-04
30600,3.4023,5.2556e-04
30700,4.2966,5.2490e-04
30800,4.3686,5.2423e-04
30900,3.8573,5.2356e-04
31000,3.7481,5.2289e-04
31100,4.4643,5.2221e-04
31200,3.1697,5.2131e-04
31300,3.4314,5.2063e-04
31400,3.7077,5.1995e-04
31500,3.4680,5.1926e-04
31600,3.6882,5.1858e-04
31700,3.4466,5.1789e-04
31800,3.8246,5.1719e-04
31900,3.0652,5.1650e-04
32000,3.4784,5.1557e-04
32100,4.1083,5.1487e-04
32200,3.8665,5.1417e-04
32300,3.1402,5.1346e-04
32400,3.7550,5.1275e-04
32500,3.6652,5.1204e-04
32600,3.8400,5.1133e-04
32700,3.6326,5.1062e-04
32800,3.8244,5.0966e-04
32900,2.9110,5.0894e-04
33000,3.4253,5.0822e-04
33100,2.9744,5.0749e-04
33200,2.9997,5.0676e-04
33300,3.8771,5.0604e-04
33400,3.9363,5.0530e-04
33500,3.4527,5.0457e-04
33600,3.6679,5.0359e-04
33700,3.5447,5.0285e-04
33800,3.8066,5.0211e-04
33900,3.3623,5.0136e-04
34000,3.2059,5.0062e-04
34100,4.1430,4.9987e-04
34200,3.4196,4.9912e-04
34300,3.1796,4.9836e-04
34400,3.9857,4.9735e-04
34500,3.2283,4.9660e-04
34600,3.3332,4.9584e-04
34700,3.6104,4.9507e-04
34800,3.5727,4.9431e-04
34900,3.1062,4.9354e-04
35000,3.9260,4.9277e-04
35100,2.7627,4.9200e-04
35200,3.9061,4.9097e-04
35300,4.1237,4.9019e-04
35400,2.9358,4.8941e-04
35500,2.9364,4.8863e-04
35600,3.6779,4.8785e-04
35700,2.9082,4.8707e-04
35800,3.7283,4.8628e-04
35900,2.9177,4.8549e-04
36000,3.3007,4.8443e-04
36100,3.4050,4.8364e-04
36200,4.1664,4.8284e-04
36300,3.3558,4.8205e-04
36400,3.6044,4.8125e-04
36500,3.5322,4.8044e-04
36600,3.6854,4.7964e-04
36700,3.1999,4.7883e-04
36800,3.4378,4.7776e-04
36900,2.8999,4.7695e-04
37000,3.1144,4.7613e-04
37100,4.2321,4.7532e-04
37200,3.8065,4.7450e-04
37300,3.7330,4.7368e-04
37400,3.4512,4.7286e-04
37500,3.7953,4.7204e-04
37600,2.8744,4.7094e-04
37700,3.3083,4.7011e-04
37800,4.2462,4.6928e-04
37900,3.5894,4.6845e-04
38000,4.2527,4.6762e-04
38100,2.9255,4.6678e-04
38200,3.3616,4.6595e-04
38300,3.8483,4.6511e-04
38400,3.4127,4.6399e-04
38500,3.7309,4.6315e-04
38600,3.7888,4.6230e-04
38700,4.0182,4.6146e-04
38800,3.7962,4.6061e-04
38900,3.4190,4.5976e-04
39000,4.0197,4.5891e-04
39100,3.8406,4.5805e-04
39200,4.2772,4.5691e-04
39300,3.3768,4.5605e-04
39400,3.6953,4.5519e-04
39500,3.4429,4.5433e-04
39600,3.0078,4.5347e-04
39700,2.9377,4.5260e-04
39800,2.9842,4.5174e-04
39900,2.8294,4.5087e-04
40000,3.5446,4.4971e-04
40100,3.8253,4.4884e-04
40200,3.3446,4.4796e-04
40300,3.2606,4.4709e-04
40400,2.9194,4.4621e-04
40500,3.2080,4.4533e-04
40600,4.0737,4.4445e-04
40700,3.4954,4.4357e-04
40800,3.4022,4.4239e-04
40900,3.7598,4.4151e-04
41000,3.3109,4.4062e-04
41100,2.8169,4.3973e-04
41200,3.4361,4.3884e-04
41300,3.2744,4.3795e-04
41400,3.8271,4.3706e-04
41500,3.5861,4.3616e-04
41600,3.4707,4.3496e-04
41700,4.4769,4.3407e-04
41800,3.9599,4.3317e-04
41900,3.8107,4.3226e-04
42000,3.5998,4.3136e-04
42100,3.5680,4.3046e-04
42200,3.5780,4.2955e-04
42300,2.8295,4.2864e-04
42400,3.6582,4.2743e-04
42500,3.7836,4.2652e-04
42600,3.2395,4.2561e-04
42700,3.6506,4.2469e-04
42800,3.8345,4.2378e-04
42900,3.6322,4.2286e-04
43000,3.9125,4.2195e-04
43100,3.2789,4.2103e-04
43200,3.8794,4.1980e-04
43300,3.1508,4.1888e-04
43400,3.5704,4.1795e-04
43500,3.5039,4.1703e-04
43600,3.5382,4.1610e-04
43700,3.4770,4.1517e-04
43800,4.0616,4.1424e-04
43900,3.8258,4.1331e-04
44000,3.2032,4.1207e-04
44100,3.6393,4.1114e-04
44200,3.6148,4.1020e-04
44300,4.0953,4.0927e-04
44400,3.5666,4.0833e-04
44500,3.8586,4.0739e-04
44600,2.8678,4.0645e-04
44700,3.4187,4.0551e-04
44800,3.4088,4.0426e-04
44900,3.6411,4.0332e-04
45000,3.8111,4.0237e-04
45100,2.4459,4.0143e-04
45200,3.1962,4.0048e-04
45300,2.8853,3.9953e-04
45400,4.1758,3.9858e-04
45500,4.4002,3.9763e-04
45600,2.9590,3.9636e-04
45700,3.2599,3.9541e-04
45800,4.6964,3.9446e-04
45900,3.9713,3.9350e-04
46000,4.2741,3.9255e-04
46100,3.8694,3.9159e-04
46200,3.4594,3.9063e-04
46300,3.3198,3.8967e-04
46400,3.8927,3.8839e-04
46500,3.4686,3.8743e-04
46600,3.2907,3.8647e-04
46700,2.9377,3.8551e-04
46800,3.0249,3.8454e-04
46900,3.3208,3.8358e-04
47000,4.1895,3.8261e-04
47100,3.6231,3.8164e-04
47200,3.5450,3.8035e-04
47300,3.5198,3.7938e-04
47400,3.1662,3.7842e-04
47500,3.2358,3.7744e-04
47600,3.5229,3.7647e-04
47700,3.4110,3.7550e-04
47800,3.7052,3.7453e-04
47900,3.6257,3.7355e-04
48000,3.7899,3.7225e-04
48100,3.4601,3.7128e-04
48200,3.7489,3.7030e-04
48300,4.0247,3.6932e-04
48400,3.6770,3.6834e-04
48500,4.0972,3.6736e-04
48600,2.9856,3.6638e-04
48700,3.9788,3.6540e-04
48800,3.0950,3.6409e-04
48900,3.3022,3.6311e-04
49000,3.2332,3.6213e-04
49100,3.1200,3.6114e-04
49200,3.8136,3.6016e-04
49300,3.1863,3.5917e-04
49400,3.6448,3.5819e-04
49500,4.0106,3.5720e-04
49600,3.3721,3.5589e-04
49700,2.7698,3.5490e-04
49800,3.9704,3.5391e-04
49900,3.4476,3.5292e-04
50000,2.7552,3.5193e-04
50100,3.6359,3.5094e-04
50200,2.9999,3.4995e-04
50300,3.3950,3.4896e-04
50400,3.3425,3.4763e-04
50500,3.3013,3.4664e-04
50600,3.0563,3.4565e-04
50700,3.7217,3.4465e-04
50800,3.4141,3.4366e-04
50900,3.2542,3.4267e-04
51000,3.2825,3.4167e-04
51100,3.9758,3.4067e-04
51200,3.7035,3.3935e-04
51300,3.4432,3.3835e-04
51400,3.7238,3.3735e-04
51500,3.1904,3.3635e-04
51600,2.7655,3.3536e-04
51700,4.0593,3.3436e-04
51800,3.3559,3.3336e-04
51900,3.5672,3.3236e-04
52000,2.7816,3.3103e-04
52100,3.2076,3.3003e-04
52200,3.6212,3.2903e-04
52300,3.3103,3.2803e-04
52400,4.0002,3.2702e-04
52500,3.5193,3.2602e-04
52600,3.5624,3.2502e-04
52700,3.4786,3.2402e-04
52800,3.2501,3.2268e-04
52900,2.9490,3.2168e-04
53000,3.0655,3.2068e-04
53100,3.3181,3.1967e-04
53200,3.6363,3.1867e-04
53300,3.3492,3.1767e-04
53400,3.4197,3.1666e-04
53500,3.4296,3.1566e-04
53600,3.5980,3.1432e-04
53700,2.9298,3.1332e-04
53800,3.5830,3.1231e-04
53900,3.2747,3.1131e-04
54000,4.1476,3.1030e-04
54100,3.5756,3.0930e-04
54200,3.3579,3.0829e-04
54300,3.7560,3.0729e-04
54400,3.1296,3.0595e-04
54500,3.1908,3.0494e-04
54600,3.8074,3.0394e-04
54700,3.8212,3.0293e-04
54800,3.3838,3.0193e-04
54900,3.3410,3.0092e-04
55000,2.6219,2.9992e-04
55100,3.0080,2.9891e-04
55200,4.0210,2.9757e-04
55300,2.6399,2.9657e-04
55400,3.6416,2.9556e-04
55500,2.5660,2.9456e-04
55600,3.6284,2.9355e-04
55700,2.7942,2.9255e-04
55800,3.2532,2.9154e-04
55900,3.5398,2.9054e-04
56000,2.7825,2.8920e-04
56100,3.5688,2.8819e-04
56200,3.8252,2.8719e-04
56300,3.4281,2.8618e-04
56400,3.2966,2.8518e-04
56500,3.2028,2.8417e-04
56600,3.2692,2.8317e-04
56700,3.4043,2.8217e-04
56800,3.7267,2.8083e-04
56900,3.1155,2.7983e-04
57000,3.9109,2.7882e-04
57100,3.4117,2.7782e-04
57200,3.5903,2.7682e-04
57300,3.3369,2.7582e-04
57400,3.8443,2.7481e-04
57500,3.1150,2.7381e-04
57600,3.6786,2.7248e-04
57700,3.2460,2.7148e-04
57800,3.7781,2.7048e-04
57900,3.0453,2.6948e-04
58000,3.1881,2.6848e-04
58100,2.9198,2.6748e-04
58200,3.8584,2.6648e-04
58300,3.6974,2.6548e-04
58400,3.3253,2.6415e-04
58500,3.1177,2.6315e-04
58600,3.5421,2.6215e-04
58700,3.8745,2.6115e-04
58800,3.2989,2.6016e-04
58900,4.1062,2.5916e-04
59000,2.8352,2.5817e-04
59100,3.4298,2.5717e-04
59200,3.2282,2.5584e-04
59300,3.3058,2.5485e-04
59400,3.5841,2.5386e-04
59500,3.9198,2.5286e-04
59600,3.7061,2.5187e-04
59700,3.1190,2.5088e-04
59800,3.5798,2.4989e-04
59900,3.6318,2.4890e-04
60000,3.6187,2.4758e-04
60100,3.6264,2.4659e-04
60200,3.0775,2.4560e-04
60300,3.3629,2.4461e-04
60400,3.4432,2.4362e-04
60500,3.3344,2.4264e-04
60600,2.4553,2.4165e-04
60700,2.9849,2.4066e-04
60800,3.8593,2.3935e-04
60900,3.1742,2.3837e-04
61000,2.7934,2.3738e-04
61100,3.8105,2.3640e-04
61200,3.1985,2.3542e-04
61300,3.1387,2.3444e-04
61400,3.0147,2.3346e-04
61500,3.6856,2.3248e-04
61600,2.7199,2.3117e-04
61700,3.0749,2.3019e-04
61800,3.1442,2.2921e-04
61900,4.1386,2.2824e-04
62000,3.1568,2.2726e-04
62100,3.2182,2.2629e-04
62200,3.6801,2.2531e-04
62300,2.6383,2.2434e-04
62400,3.4182,2.2304e-04
62500,3.1927,2.2207e-04
62600,2.8801,2.2110e-04
62700,3.7973,2.2013e-04
62800,3.8201,2.1916e-04
62900,3.8441,2.1820e-04
63000,2.8097,2.1723e-04
63100,2.6979,2.1626e-04
63200,3.5657,2.1498e-04
63300,2.7412,2.1401e-04
63400,2.7146,2.1305e-04
63500,2.8317,2.1209e-04
63600,3.0970,2.1113e-04
63700,3.8490,2.1017e-04
63800,4.0646,2.0921e-04
63900,3.0231,2.0825e-04
64000,3.6631,2.0698e-04
64100,3.3624,2.0602e-04
64200,3.0474,2.0507e-04
64300,2.7940,2.0412e-04
64400,3.3381,2.0316e-04
64500,3.6359,2.0221e-04
64600,4.0972,2.0126e-04
64700,3.1756,2.0031e-04
64800,3.2435,1.9905e-04
64900,3.2780,1.9810e-04
65000,3.5475,1.9716e-04
65100,3.6367,1.9622e-04
65200,3.4328,1.9527e-04
65300,2.8130,1.9433e-04
65400,2.7884,1.9339e-04
65500,3.6585,1.9245e-04
65600,3.4881,1.9120e-04
65700,3.5002,1.9027e-04
65800,3.0312,1.8933e-04
65900,3.3882,1.8840e-04
66000,3.4943,1.8746e-04
66100,2.6893,1.8653e-04
66200,3.0430,1.8560e-04
66300,2.5448,1.8467e-04
66400,3.3228,1.8344e-04
66500,2.9186,1.8251e-04
66600,3.0974,1.8159e-04
66700,4.1730,1.8067e-04
66800,4.2617,1.7974e-04
66900,3.4501,1.7882e-04
67000,2.9440,1.7790e-04
67100,2.9813,1.7699e-04
67200,2.9272,1.7577e-04
67300,3.4570,1.7485e-04
67400,3.1594,1.7394e-04
67500,3.4950,1.7303e-04
67600,3.0618,1.7212e-04
67700,3.2663,1.7121e-04
67800,3.5532,1.7030e-04
67900,3.7186,1.6939e-04
68000,3.7234,1.6819e-04
68100,3.4628,1.6729e-04
68200,3.8740,1.6639e-04
68300,3.5174,1.6549e-04
68400,3.5809,1.6459e-04
68500,3.1882,1.6369e-04
68600,2.9147,1.6280e-04
68700,3.6963,1.6190e-04
68800,3.1722,1.6072e-04
68900,3.8335,1.5983e-04
69000,3.2942,1.5894e-04
69100,3.2369,1.5805e-04
69200,2.8195,1.5717e-04
69300,3.5069,1.5628e-04
69400,3.3726,1.5540e-04
69500,3.3741,1.5452e-04
69600,3.2003,1.5335e-04
69700,3.6344,1.5248e-04
69800,3.2195,1.5160e-04
69900,2.9408,1.5073e-04
70000,3.4157,1.4986e-04
70100,3.4794,1.4899e-04
70200,3.3899,1.4812e-04
70300,3.4308,1.4725e-04
70400,2.9942,1.4610e-04
70500,3.4931,1.4524e-04
70600,3.5582,1.4438e-04
70700,3.6139,1.4352e-04
70800,3.0685,1.4266e-04
70900,3.5925,1.4181e-04
71000,3.3494,1.4096e-04
71100,3.6626,1.4010e-04
71200,3.5485,1.3897e-04
71300,3.3115,1.3812e-04
71400,3.4469,1.3728e-04
71500,4.1557,1.3643e-04
71600,3.3016,1.3559e-04
71700,2.6939,1.3475e-04
71800,3.0808,1.3391e-04
71900,3.3521,1.3308e-04
72000,2.9747,1.3197e-04
72100,3.8243,1.3113e-04
72200,3.1804,1.3030e-04
72300,3.1553,1.2948e-04
72400,3.1257,1.2865e-04
72500,3.3383,1.2783e-04
72600,3.0749,1.2700e-04
72700,3.2818,1.2618e-04
72800,3.3358,1.2509e-04
72900,3.2654,1.2428e-04
73000,3.7826,1.2346e-04
73100,3.8303,1.2265e-04
73200,3.2504,1.2184e-04
73300,3.5294,1.2103e-04
73400,2.8910,1.2023e-04
73500,3.2457,1.1942e-04
73600,3.5540,1.1836e-04
73700,3.5390,1.1756e-04
73800,3.6269,1.1676e-04
73900,3.4219,1.1596e-04
74000,2.9425,1.1517e-04
74100,3.6400,1.1438e-04
74200,2.7558,1.1359e-04
74300,3.1882,1.1281e-04
74400,3.1184,1.1176e-04
74500,3.6129,1.1098e-04
74600,2.9829,1.1020e-04
74700,3.2515,1.0942e-04
74800,3.8262,1.0865e-04
74900,3.6512,1.0787e-04
75000,3.0886,1.0710e-04
75100,3.3727,1.0633e-04
75200,2.9335,1.0531e-04
75300,2.7575,1.0455e-04
75400,3.6338,1.0379e-04
75500,3.5035,1.0303e-04
75600,2.6919,1.0227e-04
75700,2.5915,1.0151e-04
75800,2.6521,1.0076e-04
75900,3.8738,1.0001e-04
76000,3.7009,9.9014e-05
76100,2.7687,9.8269e-05
76200,3.3055,9.7526e-05
76300,3.4423,9.6785e-05
76400,3.7584,9.6047e-05
76500,3.3206,9.5311e-05
76600,3.6505,9.4577e-05
76700,3.1002,9.3845e-05
76800,3.8252,9.2874e-05
76900,3.7014,9.2148e-05
77000,3.9360,9.1424e-05
77100,3.8089,9.0702e-05
77200,3.0390,8.9983e-05
77300,2.6671,8.9267e-05
77400,2.5579,8.8552e-05
77500,3.2527,8.7840e-05
77600,3.2696,8.6895e-05
77700,3.3106,8.6188e-05
77800,3.9125,8.5484e-05
77900,3.5995,8.4783e-05
78000,3.3906,8.4084e-05
78100,3.7696,8.3387e-05
78200,3.6661,8.2693e-05
78300,2.7811,8.2001e-05
78400,3.6068,8.1082e-05
78500,2.9191,8.0396e-05
78600,3.5757,7.9712e-05
78700,3.1103,7.9031e-05
78800,3.0595,7.8353e-05
78900,3.2073,7.7676e-05
79000,3.2715,7.7003e-05
79100,3.6296,7.6331e-05
79200,3.0847,7.5440e-05
79300,3.4613,7.4775e-05
79400,2.6643,7.4112e-05
79500,3.0995,7.3452e-05
79600,3.1670,7.2794e-05
79700,3.6793,7.2139e-05
79800,3.3297,7.1486e-05
79900,2.2715,7.0836e-05
80000,3.9144,6.9974e-05
80100,3.3706,6.9329e-05
80200,3.5842,6.8688e-05
80300,3.1920,6.8049e-05
80400,3.2003,6.7413e-05
80500,2.5003,6.6779e-05
80600,3.2026,6.6148e-05
80700,3.5635,6.5520e-05
80800,3.1082,6.4686e-05
80900,3.6242,6.4064e-05
81000,3.4182,6.3444e-05
81100,3.0847,6.2827e-05
81200,3.9862,6.2213e-05
81300,3.5017,6.1601e-05
81400,3.4845,6.0993e-05
81500,2.4724,6.0386e-05
81600,3.6655,5.9582e-05
81700,3.0085,5.8982e-05
81800,3.1414,5.8385e-05
81900,3.0345,5.7790e-05
82000,3.1599,5.7199e-05
82100,3.7468,5.6610e-05
82200,3.2976,5.6023e-05
82300,3.3025,5.5440e-05
82400,3.4031,5.4666e-05
82500,3.3921,5.4089e-05
82600,3.7616,5.3514e-05
82700,2.8315,5.2942e-05
82800,3.1668,5.2374e-05
82900,3.5237,5.1807e-05
83000,3.3264,5.1244e-05
83100,3.5172,5.0684e-05
83200,2.8158,4.9941e-05
83300,3.1156,4.9387e-05
83400,3.3922,4.8835e-05
83500,2.9265,4.8287e-05
83600,2.9283,4.7742e-05
83700,4.0536,4.7199e-05
83800,3.4606,4.6659e-05
83900,3.5657,4.6122e-05
84000,3.5153,4.5410e-05
84100,3.1324,4.4880e-05
84200,3.4325,4.4353e-05
84300,3.1720,4.3828e-05
84400,3.1355,4.3306e-05
84500,3.3878,4.2787e-05
84600,2.9378,4.2271e-05
84700,3.3600,4.1758e-05
84800,2.6521,4.1079e-05
84900,2.7665,4.0572e-05
85000,3.6216,4.0069e-05
85100,3.3183,3.9569e-05
85200,3.1108,3.9071e-05
85300,2.7668,3.8576e-05
85400,2.9163,3.8085e-05
85500,3.5209,3.7596e-05
85600,2.8334,3.6949e-05
85700,3.4609,3.6467e-05
85800,4.3674,3.5988e-05
85900,2.7553,3.5512e-05
86000,3.7434,3.5039e-05
86100,3.3561,3.4569e-05
86200,3.2774,3.4102e-05
86300,2.4564,3.3638e-05
86400,2.7186,3.3024e-05
86500,3.3303,3.2567e-05
86600,2.6130,3.2113e-05
86700,3.3546,3.1662e-05
86800,3.1250,3.1214e-05
86900,3.3288,3.0769e-05
87000,3.1543,3.0327e-05
87100,3.2712,2.9888e-05
87200,2.9396,2.9308e-05
87300,3.2934,2.8876e-05
87400,2.7889,2.8447e-05
87500,3.8131,2.8022e-05
87600,3.2106,2.7599e-05
87700,3.5242,2.7179e-05
87800,3.4469,2.6763e-05
87900,3.3161,2.6349e-05
88000,3.1886,2.5803e-05
88100,2.3609,2.5396e-05
88200,3.4604,2.4993e-05
88300,4.0386,2.4593e-05
88400,2.6635,2.4196e-05
88500,3.2603,2.3802e-05
88600,2.7901,2.3411e-05
88700,3.2834,2.3023e-05
88800,3.3727,2.2511e-05
88900,2.9792,2.2130e-05
89000,3.1214,2.1753e-05
89100,3.2284,2.1379e-05
89200,3.8139,2.1008e-05
89300,2.5982,2.0640e-05
89400,2.7484,2.0275e-05
89500,3.0746,1.9913e-05
89600,3.4368,1.9436e-05
89700,2.7444,1.9081e-05
89800,3.7119,1.8730e-05
89900,3.5952,1.8382e-05
90000,3.4074,1.8037e-05
90100,3.0391,1.7696e-05
90200,3.0041,1.7357e-05
90300,3.1582,1.7022e-05
90400,3.0859,1.6579e-05
90500,3.1758,1.6251e-05
90600,3.3412,1.5927e-05
90700,3.3563,1.5605e-05
90800,3.1243,1.5287e-05
90900,2.9540,1.4972e-05
91000,3.3600,1.4660e-05
91100,3.0520,1.4351e-05
91200,3.7987,1.3944e-05
91300,3.2349,1.3643e-05
91400,2.5443,1.3345e-05
91500,3.8053,1.3050e-05
91600,3.9012,1.2758e-05
91700,3.3709,1.2470e-05
91800,2.9172,1.2185e-05
91900,2.6937,1.1903e-05
92000,3.2526,1.1532e-05
92100,3.3669,1.1257e-05
92200,2.7118,1.0986e-05
92300,2.7614,1.0718e-05
92400,3.3259,1.0454e-05
92500,2.5792,1.0192e-05
92600,3.1075,9.9340e-06
92700,3.3121,9.6791e-06
92800,3.9176,9.3443e-06
92900,3.5803,9.0970e-06
93000,2.7547,8.8529e-06
93100,3.6432,8.6122e-06
93200,3.2609,8.3747e-06
93300,2.2143,8.1405e-06
93400,3.1255,7.9096e-06
93500,2.7087,7.6819e-06
93600,3.2793,7.3835e-06
93700,3.2212,7.1635e-06
93800,3.5241,6.9468e-06
93900,3.2712,6.7334e-06
94000,3.3316,6.5233e-06
94100,3.1553,6.3165e-06
94200,3.1879,6.1130e-06
94300,2.9263,5.9127e-06
94400,3.6153,5.6509e-06
94500,2.6333,5.4584e-06
94600,3.3704,5.2692e-06
94700,3.1792,5.0833e-06
94800,3.0550,4.9007e-06
94900,2.3667,4.7215e-06
95000,2.8005,4.5455e-06
95100,3.5342,4.3729e-06
95200,3.3064,4.1479e-06
95300,3.5219,3.9830e-06
95400,3.1921,3.8214e-06
95500,2.8262,3.6632e-06
95600,3.4847,3.5083e-06
95700,2.7434,3.3567e-06
95800,2.8044,3.2085e-06
95900,3.8287,3.0635e-06
96000,3.5062,2.8755e-06
96100,3.0718,2.7384e-06
96200,3.4597,2.6046e-06
96300,3.2880,2.4741e-06
96400,2.6657,2.3470e-06
96500,2.8132,2.2233e-06
96600,3.2244,2.1028e-06
96700,3.4941,1.9858e-06
96800,2.9161,1.8348e-06
96900,2.9744,1.7256e-06
97000,3.3514,1.6197e-06
97100,3.0794,1.5171e-06
97200,3.7568,1.4179e-06
97300,2.7722,1.3220e-06
97400,3.2680,1.2295e-06
97500,3.2951,1.1403e-06
97600,3.6948,1.0267e-06
97700,3.7606,9.4536e-07
97800,3.2999,8.6739e-07
97900,2.7235,7.9279e-07
98000,2.8284,7.2154e-07
98100,3.1602,6.5365e-07
98200,2.8611,5.8913e-07
98300,2.9289,5.2797e-07
98400,3.2573,4.5165e-07
98500,2.8442,3.9834e-07
98600,3.9704,3.4839e-07
98700,3.8240,3.0180e-07
98800,3.5594,2.5858e-07
98900,3.0756,2.1873e-07
99000,3.5226,1.8224e-07
99100,3.4430,1.4912e-07
99200,3.4045,1.1020e-07
99300,3.4837,8.4932e-08
99400,3.2218,6.3037e-08
99500,3.4581,4.4509e-08
99600,3.1586,2.9350e-08
99700,3.6626,1.7560e-08
99800,3.2572,9.1376e-09
99900,2.7562,4.0844e-09
